// Jest Snapshot v1, https://goo.gl/fbAQLP

exports[`<Home /> should render the Home component 1`] = `
<RCTScrollView
  horizontal={true}
  style={
    Array [
      Object {
        "backgroundColor": "#f8f9fa",
        "flexBasis": 0,
        "flexGrow": 1,
        "flexShrink": 1,
      },
    ]
  }
  testID="component-home-id"
>
  <View>
    <View
      style={
        Array [
          Object {
            "backgroundColor": "#cb997e",
            "borderRadius": 6,
            "height": 270,
            "justifyContent": "space-between",
            "marginBottom": 10,
            "marginLeft": 10,
            "marginRight": 10,
            "marginTop": 10,
            "width": 200,
          },
        ]
      }
    >
      <View
        style={
          Array [
            Object {
              "alignItems": "center",
              "paddingBottom": 12,
              "paddingLeft": 12,
              "paddingRight": 12,
              "paddingTop": 12,
            },
          ]
        }
      >
        <Text
          style={
            Array [
              Object {
                "fontSize": 24,
                "fontWeight": "bold",
              },
            ]
          }
        >
          Genesis
        </Text>
      </View>
      <View
        style={
          Array [
            Object {
              "alignItems": "flex-end",
              "height": 100,
              "justifyContent": "flex-end",
            },
          ]
        }
      >
        <Image
          resizeMode="contain"
          source={
            Object {
              "uri": "https://cdn.jsdelivr.net/gh/pauloluan/cdn/images/bible/testament/new/eph.png",
            }
          }
          style={
            Array [
              Object {
                "height": 200,
                "position": "relative",
                "width": 200,
              },
            ]
          }
        />
      </View>
    </View>
    <View
      style={
        Array [
          Object {
            "backgroundColor": "#cb997e",
            "borderRadius": 6,
            "height": 270,
            "justifyContent": "space-between",
            "marginBottom": 10,
            "marginLeft": 10,
            "marginRight": 10,
            "marginTop": 10,
            "width": 200,
          },
        ]
      }
    >
      <View
        style={
          Array [
            Object {
              "alignItems": "center",
              "paddingBottom": 12,
              "paddingLeft": 12,
              "paddingRight": 12,
              "paddingTop": 12,
            },
          ]
        }
      >
        <Text
          style={
            Array [
              Object {
                "fontSize": 24,
                "fontWeight": "bold",
              },
            ]
          }
        >
          Deuteronomio
        </Text>
      </View>
      <View
        style={
          Array [
            Object {
              "alignItems": "flex-end",
              "height": 100,
              "justifyContent": "flex-end",
            },
          ]
        }
      >
        <Image
          resizeMode="contain"
          source={
            Object {
              "uri": "https://cdn.jsdelivr.net/gh/pauloluan/cdn/images/bible/testament/new/john-gospel-1.png",
            }
          }
          style={
            Array [
              Object {
                "height": 200,
                "position": "relative",
                "width": 200,
              },
            ]
          }
        />
      </View>
    </View>
    <View
      style={
        Array [
          Object {
            "backgroundColor": "#cb997e",
            "borderRadius": 6,
            "height": 270,
            "justifyContent": "space-between",
            "marginBottom": 10,
            "marginLeft": 10,
            "marginRight": 10,
            "marginTop": 10,
            "width": 200,
          },
        ]
      }
    >
      <View
        style={
          Array [
            Object {
              "alignItems": "center",
              "paddingBottom": 12,
              "paddingLeft": 12,
              "paddingRight": 12,
              "paddingTop": 12,
            },
          ]
        }
      >
        <Text
          style={
            Array [
              Object {
                "fontSize": 24,
                "fontWeight": "bold",
              },
            ]
          }
        >
          Lamentações de Jeremias
        </Text>
      </View>
      <View
        style={
          Array [
            Object {
              "alignItems": "flex-end",
              "height": 100,
              "justifyContent": "flex-end",
            },
          ]
        }
      >
        <Image
          resizeMode="contain"
          source={
            Object {
              "uri": "https://cdn.jsdelivr.net/gh/pauloluan/cdn/images/bible/testament/new/james.png",
            }
          }
          style={
            Array [
              Object {
                "height": 200,
                "position": "relative",
                "width": 200,
              },
            ]
          }
        />
      </View>
    </View>
  </View>
</RCTScrollView>
`;
