// Jest Snapshot v1, https://goo.gl/fbAQLP

exports[`<Details /> should render the Details component 1`] = `
<View
  style={
    Array [
      Object {
        "backgroundColor": "#f8f9fa",
        "flexBasis": 0,
        "flexGrow": 1,
        "flexShrink": 1,
        "height": "100%",
        "paddingBottom": 24,
        "paddingLeft": 24,
        "paddingRight": 24,
        "paddingTop": 24,
        "width": "100%",
      },
    ]
  }
  testID="component-details-id"
>
  <Text
    style={
      Array [
        Object {
          "fontFamily": "Arial",
          "fontSize": 98,
          "fontWeight": "bold",
        },
      ]
    }
  >
    teste
  </Text>
  <Text
    style={
      Array [
        Object {
          "color": "black",
          "fontSize": 43,
          "fontStyle": "italic",
          "fontWeight": "200",
          "marginBottom": 51,
        },
      ]
    }
  >
    1
  </Text>
  <Text
    style={
      Array [
        Object {
          "color": "black",
          "fontSize": 31,
          "fontWeight": "300",
          "marginBottom": 4,
          "marginLeft": 0,
          "marginRight": 0,
          "marginTop": 4,
        },
      ]
    }
  >
    <Text
      style={
        Array [
          Object {
            "color": "black",
            "fontSize": 24,
            "fontStyle": "italic",
            "fontWeight": "100",
            "marginBottom": 4,
            "marginLeft": 0,
            "marginRight": 0,
            "marginTop": 4,
          },
        ]
      }
    >
      1
      -
    </Text>
     
    1
  </Text>
  <Text
    style={
      Array [
        Object {
          "color": "black",
          "fontSize": 31,
          "fontWeight": "300",
          "marginBottom": 4,
          "marginLeft": 0,
          "marginRight": 0,
          "marginTop": 4,
        },
      ]
    }
  >
    <Text
      style={
        Array [
          Object {
            "color": "black",
            "fontSize": 24,
            "fontStyle": "italic",
            "fontWeight": "100",
            "marginBottom": 4,
            "marginLeft": 0,
            "marginRight": 0,
            "marginTop": 4,
          },
        ]
      }
    >
      2
      -
    </Text>
     
    2
  </Text>
</View>
`;
