// Jest Snapshot v1, https://goo.gl/fbAQLP

exports[`<Home /> should render the Home component 1`] = `
<View
  style={
    Array [
      Object {
        "backgroundColor": "blue",
        "flexBasis": 0,
        "flexGrow": 1,
        "flexShrink": 1,
        "height": 60,
        "width": 85,
      },
    ]
  }
  testID="component-home-id"
>
  <Text>
    example
  </Text>
</View>
`;
